10 actionable tasks: 1 executed, 9 up-to-date
